concurrent.futures.process._RemoteTraceback: 
"""
Traceback (most recent call last):
  File "/opt/rt-env/lib/python3.11/concurrent/futures/process.py", line 261, in _process_worker
    r = call_item.fn(*call_item.args, **call_item.kwargs)
        ^^^^^^^^^^^^^^^^^^^^^^^^^^^^^^^^^^^^^^^^^^^^^^^^^
  File "/opt/rt-env/lib/python3.11/concurrent/futures/process.py", line 210, in _process_chunk
    return [fn(*args) for args in chunk]
           ^^^^^^^^^^^^^^^^^^^^^^^^^^^^^
  File "/opt/rt-env/lib/python3.11/concurrent/futures/process.py", line 210, in <listcomp>
    return [fn(*args) for args in chunk]
            ^^^^^^^^^
  File "/job/labels_v2.py", line 27, in label
    out=J/'LABELS';out.mkdir(exist_ok=True);base=out/f'{case}_d{d}_s{s}';f.to_parquet(str(base)+'.parquet',index=False);np.savez_compressed(str(base)+'_CANDIDATES.npz',pose_id=ids,time_index=ix,heading_roots_rad=rr,selected_heading_rad=inv[:,0],no_match=inv[:,1],ambiguous=inv[:,2],pre_rf_state=x,pre_rf_cov=P,heading_error_deg_eval_only=err)
                                                                         ^^^^^^^^^^^^^^^^^^^^^^^^^^^^^^^^^^^^^^^^^^^^^^
  File "/opt/rt-env/lib/python3.11/site-packages/pandas/core/frame.py", line 3135, in to_parquet
    return to_parquet(
           ^^^^^^^^^^^
  File "/opt/rt-env/lib/python3.11/site-packages/pandas/io/parquet.py", line 486, in to_parquet
    impl = get_engine(engine)
           ^^^^^^^^^^^^^^^^^^
  File "/opt/rt-env/lib/python3.11/site-packages/pandas/io/parquet.py", line 68, in get_engine
    raise ImportError(
ImportError: Unable to find a usable engine; tried using: 'pyarrow', 'fastparquet'.
A suitable version of pyarrow or fastparquet is required for parquet support.
Trying to import the above resulted in these errors:
 - `Import pyarrow` failed. pyarrow is required for parquet support. Use pip or conda to install the pyarrow package.
 - `Import fastparquet` failed. fastparquet is required for parquet support. Use pip or conda to install the fastparquet package.
"""

The above exception was the direct cause of the following exception:

Traceback (most recent call last):
  File "/job/labels_v2.py", line 32, in <module>
    for r in ex.map(label,tasks,chunksize=1):
  File "/opt/rt-env/lib/python3.11/concurrent/futures/process.py", line 620, in _chain_from_iterable_of_lists
    for element in iterable:
  File "/opt/rt-env/lib/python3.11/concurrent/futures/_base.py", line 619, in result_iterator
    yield _result_or_cancel(fs.pop())
          ^^^^^^^^^^^^^^^^^^^^^^^^^^^
  File "/opt/rt-env/lib/python3.11/concurrent/futures/_base.py", line 317, in _result_or_cancel
    return fut.result(timeout)
           ^^^^^^^^^^^^^^^^^^^
  File "/opt/rt-env/lib/python3.11/concurrent/futures/_base.py", line 456, in result
    return self.__get_result()
           ^^^^^^^^^^^^^^^^^^^
  File "/opt/rt-env/lib/python3.11/concurrent/futures/_base.py", line 401, in __get_result
    raise self._exception
ImportError: Unable to find a usable engine; tried using: 'pyarrow', 'fastparquet'.
A suitable version of pyarrow or fastparquet is required for parquet support.
Trying to import the above resulted in these errors:
 - `Import pyarrow` failed. pyarrow is required for parquet support. Use pip or conda to install the pyarrow package.
 - `Import fastparquet` failed. fastparquet is required for parquet support. Use pip or conda to install the fastparquet package.
