model R2 prevalence n 281894 brier 0.2560270883260338
model R2 distance n 281894 brier 0.24275088759695174
model R2 distance_slope n 281894 brier 0.22635861511438984
model R2 D n 281894 brier 0.2484402589006279
model R2 P n 281894 brier 0.2461564487186304
model R2 DP n 281894 brier 0.242642437827783
model R2 DPK n 281894 brier 0.22609734785319166
model R4 prevalence n 172529 brier 0.30404580914639895
model R4 distance n 172529 brier 0.27799807079971023
model R4 distance_slope n 172529 brier 0.2415661471360016
model R4 D n 172529 brier 0.28927945436464897
model R4 P n 172529 brier 0.2720569131996686
model R4 DP n 172529 brier 0.26826456757755923
model R4 DPK n 172529 brier 0.2104116607630799
model R5 prevalence n 204216 brier 0.2536940622797683
model R5 distance n 204216 brier 0.2432352602949608
model R5 distance_slope n 204216 brier 0.24016215256230253
model R5 D n 204216 brier 0.24001069053594798
model R5 P n 204216 brier 0.24596544169171455
model R5 DP n 204216 brier 0.2334563547468812
model R5 DPK n 204216 brier 0.23440249189289603
completed reliability 75.43601679801941
