{
 "out": "/job/source/results/DRIVE_SIM_20261007/SNOWBALL_ROUTES_01a11669/S2/H_R2_aA_m0.npy",
 "shape": [
  1303,
  257,
  2,
  2
 ],
 "n_pose": 1303,
 "n_positions": 925,
 "missing": 0,
 "unusable": 0,
 "complete": true
}
{
 "out": "/job/source/results/DRIVE_SIM_20261007/SNOWBALL_ROUTES_01a11669/S2/H_R2_aA_m45.npy",
 "shape": [
  1303,
  257,
  2,
  2
 ],
 "n_pose": 1303,
 "n_positions": 925,
 "missing": 0,
 "unusable": 0,
 "complete": true
}
{
 "out": "/job/source/results/DRIVE_SIM_20261007/SNOWBALL_ROUTES_01a11669/S2/H_R2_aB_m0.npy",
 "shape": [
  1303,
  257,
  2,
  2
 ],
 "n_pose": 1303,
 "n_positions": 925,
 "missing": 0,
 "unusable": 0,
 "complete": true
}
{
 "out": "/job/source/results/DRIVE_SIM_20261007/SNOWBALL_ROUTES_01a11669/S2/H_R2_aB_m45.npy",
 "shape": [
  1303,
  257,
  2,
  2
 ],
 "n_pose": 1303,
 "n_positions": 925,
 "missing": 0,
 "unusable": 0,
 "complete": true
}
{
 "out": "/job/source/results/DRIVE_SIM_20261007/SNOWBALL_ROUTES_01a11669/S2/H_R4_aA_m0.npy",
 "shape": [
  922,
  257,
  2,
  2
 ],
 "n_pose": 922,
 "n_positions": 547,
 "missing": 0,
 "unusable": 0,
 "complete": true
}
{
 "out": "/job/source/results/DRIVE_SIM_20261007/SNOWBALL_ROUTES_01a11669/S2/H_R4_aA_m45.npy",
 "shape": [
  922,
  257,
  2,
  2
 ],
 "n_pose": 922,
 "n_positions": 547,
 "missing": 0,
 "unusable": 0,
 "complete": true
}
{
 "out": "/job/source/results/DRIVE_SIM_20261007/SNOWBALL_ROUTES_01a11669/S2/H_R4_aB_m0.npy",
 "shape": [
  922,
  257,
  2,
  2
 ],
 "n_pose": 922,
 "n_positions": 547,
 "missing": 0,
 "unusable": 0,
 "complete": true
}
{
 "out": "/job/source/results/DRIVE_SIM_20261007/SNOWBALL_ROUTES_01a11669/S2/H_R4_aB_m45.npy",
 "shape": [
  922,
  257,
  2,
  2
 ],
 "n_pose": 922,
 "n_positions": 547,
 "missing": 0,
 "unusable": 0,
 "complete": true
}
{
 "out": "/job/source/results/DRIVE_SIM_20261007/SNOWBALL_ROUTES_01a11669/S2/H_R5_aA_m0.npy",
 "shape": [
  1883,
  257,
  2,
  2
 ],
 "n_pose": 1883,
 "n_positions": 1343,
 "missing": 0,
 "unusable": 0,
 "complete": true
}
{
 "out": "/job/source/results/DRIVE_SIM_20261007/SNOWBALL_ROUTES_01a11669/S2/H_R5_aA_m45.npy",
 "shape": [
  1883,
  257,
  2,
  2
 ],
 "n_pose": 1883,
 "n_positions": 1343,
 "missing": 0,
 "unusable": 0,
 "complete": true
}
{
 "out": "/job/source/results/DRIVE_SIM_20261007/SNOWBALL_ROUTES_01a11669/S2/H_R5_aB_m0.npy",
 "shape": [
  1883,
  257,
  2,
  2
 ],
 "n_pose": 1883,
 "n_positions": 1343,
 "missing": 0,
 "unusable": 0,
 "complete": true
}
{
 "out": "/job/source/results/DRIVE_SIM_20261007/SNOWBALL_ROUTES_01a11669/S2/H_R5_aB_m45.npy",
 "shape": [
  1883,
  257,
  2,
  2
 ],
 "n_pose": 1883,
 "n_positions": 1343,
 "missing": 0,
 "unusable": 0,
 "complete": true
}
