{
  "checks": {
    "n_original": 500,
    "finite": true,
    "distinct": 500,
    "original_vs_current_s_max": 0.0,
    "independent_s_max": 2.7755575615628914e-15,
    "independent_interp_max": 3.3306690738754696e-16,
    "independent_full_channel_relative_max": 2.469547789364675e-15,
    "single_tx_feature_s_max": 0.0,
    "single_tx_feature_indices_all": true,
    "single_tx_feature_delay_max": 0.0,
    "decomposition_residual_max": 0.0,
    "pole_endpoint_max_error": 1.9521870902666634,
    "protected_changed": [
      "scripts\\drive_sim\\validate_l1_stage3.py"
    ]
  },
  "top": [
    {
      "sample_id": 150,
      "angles": [
        58.59241518886061,
        167.93133534334947,
        -120.40772289354803
      ],
      "direct": 0.015927243861603227,
      "lut": -0.008044870789265992,
      "delta": -0.02397211465086922,
      "center_tap": 64,
      "vertex_taps": [
        63,
        63,
        64,
        63,
        64,
        64,
        64,
        64
      ],
      "fixed_tap_interpolation_error": -0.0003359783148041903,
      "selection_component": -0.02363613633606503
    },
    {
      "sample_id": 146,
      "angles": [
        83.39357304017577,
        -60.181695620613965,
        -88.71353467052869
      ],
      "direct": -0.1905895719364759,
      "lut": -0.2112260485456663,
      "delta": -0.02063647660919038,
      "center_tap": 63,
      "vertex_taps": [
        63,
        63,
        63,
        63,
        63,
        64,
        63,
        64
      ],
      "fixed_tap_interpolation_error": 0.00025852547977645024,
      "selection_component": -0.02089500208896683
    },
    {
      "sample_id": 339,
      "angles": [
        55.04216418354911,
        -169.19575533423247,
        -143.72238042594645
      ],
      "direct": -0.05335344136015899,
      "lut": -0.07379414324722264,
      "delta": -0.02044070188706365,
      "center_tap": 64,
      "vertex_taps": [
        63,
        64,
        64,
        64,
        63,
        64,
        64,
        64
      ],
      "fixed_tap_interpolation_error": -0.00033905129209233636,
      "selection_component": -0.020101650594971314
    },
    {
      "sample_id": 16,
      "angles": [
        44.98842809157017,
        -119.66064968669866,
        -144.85991660681748
      ],
      "direct": 0.7731225352328003,
      "lut": 0.7601819285411813,
      "delta": -0.012940606691619005,
      "center_tap": 64,
      "vertex_taps": [
        63,
        63,
        63,
        63,
        64,
        64,
        64,
        64
      ],
      "fixed_tap_interpolation_error": -0.0005210441571157354,
      "selection_component": -0.01241956253450327
    },
    {
      "sample_id": 297,
      "angles": [
        67.51380351569983,
        -85.51649399058375,
        -60.97387194980061
      ],
      "direct": -0.23127949706891338,
      "lut": -0.22050295514597462,
      "delta": 0.010776541922938754,
      "center_tap": 64,
      "vertex_taps": [
        63,
        63,
        64,
        64,
        64,
        64,
        64,
        64
      ],
      "fixed_tap_interpolation_error": 0.0004753625417505125,
      "selection_component": 0.010301179381188241
    }
  ],
  "sweep_summary": [
    {
      "sample_id": 150,
      "axis": 0,
      "n_index_changes": 1,
      "transitions": [
        {
          "offset_before": -0.3999999999999999,
          "offset_after": -0.34999999999999987,
          "tap_before": 63,
          "tap_after": 64,
          "direct_change": 0.04238028297016388,
          "fixed_tap_change": 0.000217463836343244,
          "lut_change": 0.0010573322859767538
        }
      ],
      "direct_center_slope_per_degree": 0.004326631322070056,
      "fixed_center_slope_per_degree": 0.004326631322070056,
      "lut_center_gradient_per_degree": 0.021146645719536204,
      "center_neighbors_same_tap": true,
      "same_adjacent_index_max_direct_change": 0.00022380390796672076,
      "max_direct_change": 0.04238028297016388,
      "max_fixed_change": 0.00022380390796672076
    },
    {
      "sample_id": 150,
      "axis": 1,
      "n_index_changes": 0,
      "transitions": [],
      "direct_center_slope_per_degree": 0.03511220169891589,
      "fixed_center_slope_per_degree": 0.03511220169891589,
      "lut_center_gradient_per_degree": 0.03848496209777104,
      "center_neighbors_same_tap": true,
      "same_adjacent_index_max_direct_change": 0.0017744433794301406,
      "max_direct_change": 0.0017744433794301406,
      "max_fixed_change": 0.0017744433794301406
    },
    {
      "sample_id": 150,
      "axis": 2,
      "n_index_changes": 1,
      "transitions": [
        {
          "offset_before": 0.25,
          "offset_after": 0.30000000000000027,
          "tap_before": 64,
          "tap_after": 63,
          "direct_change": -0.04049943235612964,
          "fixed_tap_change": 0.0018589881453969573,
          "lut_change": 0.0011938754886551845
        }
      ],
      "direct_center_slope_per_degree": 0.03738196753859659,
      "fixed_center_slope_per_degree": 0.03738196753859659,
      "lut_center_gradient_per_degree": 0.023877509773105106,
      "center_neighbors_same_tap": true,
      "same_adjacent_index_max_direct_change": 0.001990419945457858,
      "max_direct_change": 0.04049943235612964,
      "max_fixed_change": 0.001990419945457858
    },
    {
      "sample_id": 146,
      "axis": 0,
      "n_index_changes": 1,
      "transitions": [
        {
          "offset_before": 1.0500000000000003,
          "offset_after": 1.1,
          "tap_before": 63,
          "tap_after": 64,
          "direct_change": -0.044434234851128934,
          "fixed_tap_change": -7.464844750565414e-05,
          "lut_change": -6.006764638030737e-05
        }
      ],
      "direct_center_slope_per_degree": -0.0023730254899009817,
      "fixed_center_slope_per_degree": -0.0023730254899009817,
      "lut_center_gradient_per_degree": -0.017667775085186355,
      "center_neighbors_same_tap": true,
      "same_adjacent_index_max_direct_change": 0.0001856556953955535,
      "max_direct_change": 0.044434234851128934,
      "max_fixed_change": 0.0001856556953955535
    },
    {
      "sample_id": 146,
      "axis": 1,
      "n_index_changes": 0,
      "transitions": [],
      "direct_center_slope_per_degree": 0.023467160465212022,
      "fixed_center_slope_per_degree": 0.023467160465212022,
      "lut_center_gradient_per_degree": 0.024955274826406006,
      "center_neighbors_same_tap": true,
      "same_adjacent_index_max_direct_change": 0.0012584939667585615,
      "max_direct_change": 0.0012584939667585615,
      "max_fixed_change": 0.0012584939667585615
    },
    {
      "sample_id": 146,
      "axis": 2,
      "n_index_changes": 1,
      "transitions": [
        {
          "offset_before": 0.6000000000000001,
          "offset_after": 0.6500000000000004,
          "tap_before": 63,
          "tap_after": 64,
          "direct_change": -0.0462170270633962,
          "fixed_tap_change": 4.0608757374688276e-05,
          "lut_change": -0.000790753206053485
        }
      ],
      "direct_center_slope_per_degree": 0.0002890977718866816,
      "fixed_center_slope_per_degree": 0.0002890977718866816,
      "lut_center_gradient_per_degree": -0.015815064121065998,
      "center_neighbors_same_tap": true,
      "same_adjacent_index_max_direct_change": 0.00014585341372544414,
      "max_direct_change": 0.0462170270633962,
      "max_fixed_change": 5.979450942383835e-05
    },
    {
      "sample_id": 339,
      "axis": 0,
      "n_index_changes": 0,
      "transitions": [],
      "direct_center_slope_per_degree": -0.004422411488311448,
      "fixed_center_slope_per_degree": -0.004422411488311448,
      "lut_center_gradient_per_degree": -0.004912902793819673,
      "center_neighbors_same_tap": true,
      "same_adjacent_index_max_direct_change": 0.00025901144253270836,
      "max_direct_change": 0.00025901144253270836,
      "max_fixed_change": 0.00025901144253270836
    },
    {
      "sample_id": 339,
      "axis": 1,
      "n_index_changes": 1,
      "transitions": [
        {
          "offset_before": -0.6499999999999999,
          "offset_after": -0.5999999999999999,
          "tap_before": 63,
          "tap_after": 64,
          "direct_change": 0.041195988842019846,
          "fixed_tap_change": 0.002579098604614652,
          "lut_change": 0.0034159432104354237
        }
      ],
      "direct_center_slope_per_degree": 0.051311626629421264,
      "fixed_center_slope_per_degree": 0.051311626629421264,
      "lut_center_gradient_per_degree": 0.0683188642086928,
      "center_neighbors_same_tap": true,
      "same_adjacent_index_max_direct_change": 0.002638191585146471,
      "max_direct_change": 0.041195988842019846,
      "max_fixed_change": 0.0026034234961680655
    },
    {
      "sample_id": 339,
      "axis": 2,
      "n_index_changes": 1,
      "transitions": [
        {
          "offset_before": -0.6499999999999999,
          "offset_after": -0.5999999999999999,
          "tap_before": 63,
          "tap_after": 64,
          "direct_change": 0.0410517069578865,
          "fixed_tap_change": 0.002556220083246477,
          "lut_change": 0.0029912833170666064
        }
      ],
      "direct_center_slope_per_degree": 0.05034554007245867,
      "fixed_center_slope_per_degree": 0.05034554007245867,
      "lut_center_gradient_per_degree": 0.061131522199709076,
      "center_neighbors_same_tap": true,
      "same_adjacent_index_max_direct_change": 0.0026542327433204393,
      "max_direct_change": 0.0410517069578865,
      "max_fixed_change": 0.0026115087635174283
    },
    {
      "sample_id": 16,
      "axis": 0,
      "n_index_changes": 1,
      "transitions": [
        {
          "offset_before": -0.5499999999999998,
          "offset_after": -0.5,
          "tap_before": 63,
          "tap_after": 64,
          "direct_change": 0.02465320315964936,
          "fixed_tap_change": -0.00023861524060375672,
          "lut_change": 0.0003757843351004375
        }
      ],
      "direct_center_slope_per_degree": -0.00478783495108992,
      "fixed_center_slope_per_degree": -0.00478783495108992,
      "lut_center_gradient_per_degree": 0.007515686702007418,
      "center_neighbors_same_tap": true,
      "same_adjacent_index_max_direct_change": 0.0002836914350565767,
      "max_direct_change": 0.02465320315964936,
      "max_fixed_change": 0.0002444969092990634
    },
    {
      "sample_id": 16,
      "axis": 1,
      "n_index_changes": 0,
      "transitions": [],
      "direct_center_slope_per_degree": -0.02065275565277913,
      "fixed_center_slope_per_degree": -0.02065275565277913,
      "lut_center_gradient_per_degree": -0.021791591807141804,
      "center_neighbors_same_tap": true,
      "same_adjacent_index_max_direct_change": 0.0010988838306300597,
      "max_direct_change": 0.0010988838306300597,
      "max_fixed_change": 0.0010988838306300597
    },
    {
      "sample_id": 16,
      "axis": 2,
      "n_index_changes": 1,
      "transitions": [
        {
          "offset_before": -1.8,
          "offset_after": -1.75,
          "tap_before": 63,
          "tap_after": 64,
          "direct_change": 0.022747951448379045,
          "fixed_tap_change": -0.0006731429660030708,
          "lut_change": -0.0006868757840741146
        }
      ],
      "direct_center_slope_per_degree": -0.014636880010986397,
      "fixed_center_slope_per_degree": -0.014636880010986397,
      "lut_center_gradient_per_degree": -0.015018565391956697,
      "center_neighbors_same_tap": true,
      "same_adjacent_index_max_direct_change": 0.000799813928563764,
      "max_direct_change": 0.022747951448379045,
      "max_fixed_change": 0.000799813928563764
    },
    {
      "sample_id": 297,
      "axis": 0,
      "n_index_changes": 1,
      "transitions": [
        {
          "offset_before": -1.35,
          "offset_after": -1.2999999999999998,
          "tap_before": 63,
          "tap_after": 64,
          "direct_change": -0.056870594546955394,
          "fixed_tap_change": -0.0002520019511532412,
          "lut_change": -0.001313009985944802
        }
      ],
      "direct_center_slope_per_degree": -0.005142074318942591,
      "fixed_center_slope_per_degree": -0.005142074318942591,
      "lut_center_gradient_per_degree": -0.026260199718898036,
      "center_neighbors_same_tap": true,
      "same_adjacent_index_max_direct_change": 0.0002734042252558466,
      "max_direct_change": 0.056870594546955394,
      "max_fixed_change": 0.0002734042252558466
    },
    {
      "sample_id": 297,
      "axis": 1,
      "n_index_changes": 1,
      "transitions": [
        {
          "offset_before": -1.8,
          "offset_after": -1.75,
          "tap_before": 63,
          "tap_after": 64,
          "direct_change": -0.05420203323906961,
          "fixed_tap_change": 0.0008986548905085545,
          "lut_change": 0.00040713700002231734
        }
      ],
      "direct_center_slope_per_degree": 0.01790911257015554,
      "fixed_center_slope_per_degree": 0.01790911257015554,
      "lut_center_gradient_per_degree": 0.011173878607591062,
      "center_neighbors_same_tap": true,
      "same_adjacent_index_max_direct_change": 0.0009625101681640102,
      "max_direct_change": 0.05420203323906961,
      "max_fixed_change": 0.0009191446042752238
    },
    {
      "sample_id": 297,
      "axis": 2,
      "n_index_changes": 0,
      "transitions": [],
      "direct_center_slope_per_degree": 0.023486140330323535,
      "fixed_center_slope_per_degree": 0.023486140330323535,
      "lut_center_gradient_per_degree": 0.02345762726476843,
      "center_neighbors_same_tap": true,
      "same_adjacent_index_max_direct_change": 0.001238335051047118,
      "max_direct_change": 0.001238335051047118,
      "max_fixed_change": 0.001238335051047118
    }
  ]
}
