{
  "method": "No new LoS. Independent geometry yaw plus saved zero/near-pole H-derived s and legacy LUT values.",
  "max_same_tuple_near_error": 1.9521870902666634,
  "max_matched_physical_yaw_s_difference": 2.607553355793435e-06,
  "same_tap_all": true,
  "cases": [
    {
      "angles": [
        0.001,
        -180.0,
        -180.0
      ],
      "same_tuple_zero_yaw": 0.0,
      "near_yaw": -180.0,
      "original_error": 1.9006431850598915e-07,
      "tap": 63,
      "matched_zero_angles": [
        0.0,
        -180.0,
        0.0
      ],
      "matched_zero_yaw": -180.0,
      "matched_zero_tap": 63,
      "matched_zero_s": -0.9531684793112962,
      "near_s": -0.9531709374700791,
      "matched_physical_yaw_difference": 2.4581587828587104e-06,
      "grid_zero_s": -0.9531684793112959,
      "grid_two_s": -0.9577046682404512,
      "zero_weight": 0.9995
    },
    {
      "angles": [
        0.001,
        -180.0,
        -90.0
      ],
      "same_tuple_zero_yaw": -90.0,
      "near_yaw": 90.0,
      "original_error": -1.108395930593531e-09,
      "tap": 63,
      "matched_zero_angles": [
        0.0,
        -180.0,
        90.0
      ],
      "matched_zero_yaw": 90.0,
      "matched_zero_tap": 63,
      "matched_zero_s": 0.9999949554285409,
      "near_s": 0.9999949586617028,
      "matched_physical_yaw_difference": 3.233161960380926e-09,
      "grid_zero_s": 0.9999949554285409,
      "grid_two_s": 0.9999992049605998,
      "zero_weight": 0.9995
    },
    {
      "angles": [
        0.001,
        -180.0,
        0.0
      ],
      "same_tuple_zero_yaw": -180.0,
      "near_yaw": 0.0,
      "original_error": -3.685107152762157e-08,
      "tap": 63,
      "matched_zero_angles": [
        0.0,
        -180.0,
        -180.0
      ],
      "matched_zero_yaw": 0.0,
      "matched_zero_tap": 63,
      "matched_zero_s": -0.9531684793112962,
      "near_s": -0.9531685034593737,
      "matched_physical_yaw_difference": 2.4148077426566772e-08,
      "grid_zero_s": -0.9531684793112962,
      "grid_two_s": -0.9532904776090614,
      "zero_weight": 0.9995
    },
    {
      "angles": [
        0.001,
        -180.0,
        90.0
      ],
      "same_tuple_zero_yaw": 90.0,
      "near_yaw": -90.0,
      "original_error": -2.2861496062898112e-07,
      "tap": 63,
      "matched_zero_angles": [
        0.0,
        -180.0,
        -90.0
      ],
      "matched_zero_yaw": -90.0,
      "matched_zero_tap": 63,
      "matched_zero_s": 0.9999949554285409,
      "near_s": 0.999994967009367,
      "matched_physical_yaw_difference": 1.1580826075885398e-08,
      "grid_zero_s": 0.9999949554285404,
      "grid_two_s": 0.9995608871602789,
      "zero_weight": 0.9995
    },
    {
      "angles": [
        0.001,
        -90.0,
        -180.0
      ],
      "same_tuple_zero_yaw": 0.0,
      "near_yaw": 90.0,
      "original_error": -1.9521870902666634,
      "tap": 63,
      "matched_zero_angles": [
        0.0,
        -180.0,
        90.0
      ],
      "matched_zero_yaw": 90.0,
      "matched_zero_tap": 63,
      "matched_zero_s": 0.9999949554285409,
      "near_s": 0.9999949442283628,
      "matched_physical_yaw_difference": 1.1200178118286885e-08,
      "grid_zero_s": -0.9531684793112959,
      "grid_two_s": 0.9994980666791435,
      "zero_weight": 0.9995
    },
    {
      "angles": [
        0.001,
        -90.0,
        -90.0
      ],
      "same_tuple_zero_yaw": -90.0,
      "near_yaw": 0.0,
      "original_error": 1.9521870695785744,
      "tap": 63,
      "matched_zero_angles": [
        0.0,
        -180.0,
        -180.0
      ],
      "matched_zero_yaw": 0.0,
      "matched_zero_tap": 63,
      "matched_zero_s": -0.9531684793112962,
      "near_s": -0.9531658717579404,
      "matched_physical_yaw_difference": 2.607553355793435e-06,
      "grid_zero_s": 0.9999949554285409,
      "grid_two_s": -0.9475202603851773,
      "zero_weight": 0.9995
    },
    {
      "angles": [
        0.001,
        -90.0,
        0.0
      ],
      "same_tuple_zero_yaw": -180.0,
      "near_yaw": -90.00000000000001,
      "original_error": -1.952186854611092,
      "tap": 63,
      "matched_zero_angles": [
        0.0,
        -180.0,
        -90.0
      ],
      "matched_zero_yaw": -90.0,
      "matched_zero_tap": 63,
      "matched_zero_s": 0.9999949554285409,
      "near_s": 0.9999949585138226,
      "matched_physical_yaw_difference": 3.085281696790787e-09,
      "grid_zero_s": -0.9531684793112962,
      "grid_two_s": 0.9999979487422631,
      "zero_weight": 0.9995
    },
    {
      "angles": [
        0.001,
        -90.0,
        90.0
      ],
      "same_tuple_zero_yaw": 90.0,
      "near_yaw": -180.0,
      "original_error": 1.9521868981118444,
      "tap": 63,
      "matched_zero_angles": [
        0.0,
        -180.0,
        0.0
      ],
      "matched_zero_yaw": -180.0,
      "matched_zero_tap": 63,
      "matched_zero_s": -0.9531684793112962,
      "near_s": -0.9531680227419127,
      "matched_physical_yaw_difference": 4.565693835223428e-07,
      "grid_zero_s": 0.9999949554285404,
      "grid_two_s": -0.9521651617890194,
      "zero_weight": 0.9995
    },
    {
      "angles": [
        0.001,
        0.0,
        -180.0
      ],
      "same_tuple_zero_yaw": 0.0,
      "near_yaw": 0.0,
      "original_error": -3.6965572491887144e-08,
      "tap": 63,
      "matched_zero_angles": [
        0.0,
        -180.0,
        -180.0
      ],
      "matched_zero_yaw": 0.0,
      "matched_zero_tap": 63,
      "matched_zero_s": -0.9531684793112962,
      "near_s": -0.9531684784322606,
      "matched_physical_yaw_difference": 8.790356220700346e-10,
      "grid_zero_s": -0.9531684793112959,
      "grid_two_s": -0.953240652385576,
      "zero_weight": 0.9995
    },
    {
      "angles": [
        0.001,
        0.0,
        -90.0
      ],
      "same_tuple_zero_yaw": -90.0,
      "near_yaw": -90.0,
      "original_error": -2.124046390994394e-07,
      "tap": 63,
      "matched_zero_angles": [
        0.0,
        -180.0,
        -90.0
      ],
      "matched_zero_yaw": -90.0,
      "matched_zero_tap": 63,
      "matched_zero_s": 0.9999949554285409,
      "near_s": 0.9999949442955449,
      "matched_physical_yaw_difference": 1.113299596955386e-08,
      "grid_zero_s": 0.9999949554285409,
      "grid_two_s": 0.9995478801583036,
      "zero_weight": 0.9995
    },
    {
      "angles": [
        0.001,
        0.0,
        0.0
      ],
      "same_tuple_zero_yaw": -180.0,
      "near_yaw": -180.0,
      "original_error": 1.6445860251401712e-07,
      "tap": 63,
      "matched_zero_angles": [
        0.0,
        -180.0,
        0.0
      ],
      "matched_zero_yaw": -180.0,
      "matched_zero_tap": 63,
      "matched_zero_s": -0.9531684793112962,
      "near_s": -0.9531660442073783,
      "matched_physical_yaw_difference": 2.4351039179526524e-06,
      "grid_zero_s": -0.9531684793112962,
      "grid_two_s": -0.9479693542701809,
      "zero_weight": 0.9995
    },
    {
      "angles": [
        0.001,
        0.0,
        90.0
      ],
      "same_tuple_zero_yaw": 90.0,
      "near_yaw": 90.0,
      "original_error": -4.4890569039779393e-10,
      "tap": 63,
      "matched_zero_angles": [
        0.0,
        -180.0,
        90.0
      ],
      "matched_zero_yaw": 90.0,
      "matched_zero_tap": 63,
      "matched_zero_s": 0.9999949554285409,
      "near_s": 0.9999949528631427,
      "matched_physical_yaw_difference": 2.5653982271833797e-09,
      "grid_zero_s": 0.9999949554285404,
      "grid_two_s": 0.9999889268214717,
      "zero_weight": 0.9995
    },
    {
      "angles": [
        0.001,
        90.0,
        -180.0
      ],
      "same_tuple_zero_yaw": 0.0,
      "near_yaw": -90.0,
      "original_error": -1.9521868545786787,
      "tap": 63,
      "matched_zero_angles": [
        0.0,
        -180.0,
        -90.0
      ],
      "matched_zero_yaw": -90.0,
      "matched_zero_tap": 63,
      "matched_zero_s": 0.9999949554285409,
      "near_s": 0.9999949517664386,
      "matched_physical_yaw_difference": 3.6621022880822807e-09,
      "grid_zero_s": -0.9531684793112959,
      "grid_two_s": 0.999984518800368,
      "zero_weight": 0.9995
    },
    {
      "angles": [
        0.001,
        90.0,
        -90.0
      ],
      "same_tuple_zero_yaw": -90.0,
      "near_yaw": -180.0,
      "original_error": 1.9521868960548454,
      "tap": 63,
      "matched_zero_angles": [
        0.0,
        -180.0,
        0.0
      ],
      "matched_zero_yaw": -180.0,
      "matched_zero_tap": 63,
      "matched_zero_s": -0.9531684793112962,
      "near_s": -0.953168911496826,
      "matched_physical_yaw_difference": 4.321855298083932e-07,
      "grid_zero_s": 0.9999949554285409,
      "grid_two_s": -0.9539467856145704,
      "zero_weight": 0.9995
    },
    {
      "angles": [
        0.001,
        90.0,
        0.0
      ],
      "same_tuple_zero_yaw": -180.0,
      "near_yaw": 90.0,
      "original_error": -1.9521870677032878,
      "tap": 63,
      "matched_zero_angles": [
        0.0,
        -180.0,
        90.0
      ],
      "matched_zero_yaw": 90.0,
      "matched_zero_tap": 63,
      "matched_zero_s": 0.9999949554285409,
      "near_s": 0.9999949658274414,
      "matched_physical_yaw_difference": 1.0398900518460152e-08,
      "grid_zero_s": -0.9531684793112962,
      "grid_two_s": 0.9995863915885356,
      "zero_weight": 0.9995
    },
    {
      "angles": [
        0.001,
        90.0,
        90.0
      ],
      "same_tuple_zero_yaw": 90.0,
      "near_yaw": 0.0,
      "original_error": 1.9521870585361212,
      "tap": 63,
      "matched_zero_angles": [
        0.0,
        -180.0,
        -180.0
      ],
      "matched_zero_yaw": 0.0,
      "matched_zero_tap": 63,
      "matched_zero_s": -0.9531684793112962,
      "near_s": -0.9531710623135832,
      "matched_physical_yaw_difference": 2.5830022869488545e-06,
      "grid_zero_s": 0.9999949554285404,
      "grid_two_s": -0.957923456576635,
      "zero_weight": 0.9995
    }
  ]
}
