DONE B0_no_error
DONE B1_gyro_propagation
DONE B1_gyro_wheel_update
DONE B2_wheel
DONE B3_pair_commanded
DONE B3_pair_measured
DONE B4_prior_matched
DONE C_full
DONE C_wheel_only
DONE C_gyro_only
DONE C_none
DONE D_gyro_bias_known
DONE D_gyro_bias_unknown_initial
DONE D_gyro_sf_known
DONE D_gyro_sf_unknown_initial
DONE D_wheel_asymmetry_known
DONE D_wheel_asymmetry_unknown_initial
DONE D_bias_asymmetry
DONE D_wheelbase_unknown
DONE D_wheelbase_known
DONE D_common_scale
DONE D_production_initial
DONE E_identify_straight
DONE E_identify_speed
DONE E_identify_mixed
DONE E_dt_0.1
DONE E_RW_0.1
DONE E_dt_0.2
DONE E_RW_0.2
DONE E_dt_0.4
DONE E_RW_0.4
DONE E_slip
COMPLETE 2048 FAILURES 0 PRESERVED True
