OFFLINE 5000 978 18 0
OFFLINE 5001 978 24 2
OFFLINE 5002 978 14 1
OFFLINE 5003 978 14 0
OFFLINE 5004 978 14 0
OFFLINE 5005 978 15 0
OFFLINE 5006 978 14 0
OFFLINE 5007 978 14 0
OFFLINE 5008 978 9 1
OFFLINE 5009 978 13 0
OFFLINE 5010 978 23 1
OFFLINE 5011 978 22 1
OFFLINE 5012 978 24 1
OFFLINE 5013 978 12 1
OFFLINE 5014 978 23 2
OFFLINE 5015 978 27 2
OFFLINE 5016 978 24 1
OFFLINE 5017 978 12 1
OFFLINE 5018 978 14 0
OFFLINE 5019 978 24 1
OFFLINE 5020 978 11 0
OFFLINE 5021 978 14 0
OFFLINE 5022 978 26 2
OFFLINE 5023 978 24 1
{
  "all": {
    "n": 23472,
    "polar": 0,
    "mixed": 429,
    "violation": 18,
    "min_theta": 5.695545881079036,
    "max_abs_delta": 0.034158455338566374,
    "accepted_violations": 15,
    "rejected_violations": 3
  },
  "evaluation": {
    "n": 9408,
    "polar": 0,
    "mixed": 0,
    "violation": 0,
    "min_theta": 5.695545881079036,
    "max_abs_delta": 0.0017567122006051372,
    "accepted_violations": 0,
    "rejected_violations": 0
  }
}
