R2_aB_m45 0
R2_aB_m45 32
R2_aB_m45 64
R2_aB_m45 96
R2_aB_m45 128
R2_aB_m45 160
R2_aB_m45 192
R2_aB_m45 224
R2_aB_m45 256
R4_aA_m45 0
R4_aA_m45 32
R4_aA_m45 64
R4_aA_m45 96
R4_aA_m45 128
R4_aA_m45 160
R4_aA_m45 192
R4_aA_m45 224
R4_aA_m45 256
R4_aB_m45 0
R4_aB_m45 32
R4_aB_m45 64
R4_aB_m45 96
R4_aB_m45 128
R4_aB_m45 160
R4_aB_m45 192
R4_aB_m45 224
R4_aB_m45 256
R5_aA_m45 0
R5_aA_m45 32
R5_aA_m45 64
R5_aA_m45 96
R5_aA_m45 128
R5_aA_m45 160
R5_aA_m45 192
R5_aA_m45 224
R5_aA_m45 256
R5_aB_m45 0
R5_aB_m45 32
R5_aB_m45 64
R5_aB_m45 96
R5_aB_m45 128
R5_aB_m45 160
R5_aB_m45 192
R5_aB_m45 224
R5_aB_m45 256
