existing7 0 5070
existing7 100 5070
existing7 200 5070
existing7 300 5070
existing7 400 5070
existing7 500 5070
existing7 600 5070
existing7 700 5070
existing7 800 5070
existing7 900 5070
existing7 1000 5070
existing7 1100 5070
existing7 1200 5070
existing7 1300 5070
existing7 1400 5070
existing7 1500 5070
existing7 1600 5070
existing7 1700 5070
existing7 1800 5070
existing7 1900 5070
existing7 2000 5070
existing7 2100 5070
existing7 2200 5070
existing7 2300 5070
existing7 2400 5070
existing7 2500 5070
existing7 2600 5070
existing7 2700 5070
existing7 2800 5070
existing7 2900 5070
existing7 3000 5070
existing7 3100 5070
existing7 3200 5070
existing7 3300 5070
existing7 3400 5070
existing7 3500 5070
existing7 3600 5070
existing7 3700 5070
existing7 3800 5070
existing7 3900 5070
existing7 4000 5070
existing7 4100 5070
existing7 4200 5070
existing7 4300 5070
existing7 4400 5070
existing7 4500 5070
existing7 4600 5070
existing7 4700 5070
existing7 4800 5070
existing7 4900 5070
existing7 5000 5070
{"state": "COMPLETED", "tasks": 5070, "executed_runs": 6120, "missing_prior_tasks": 4050, "failure_runs": 0, "seconds": 5.618451118469238, "G3_alias_of_D": true, "mode": "PROBE_BODY_FIXED_TRUTH_SENSOR_CONTROL", "scientific_PASS": false}
