A0 CHECK: VALID
rows 3300  failed 0  duplicate-key rows dropped 0
== PRIMARY: per drift ==
case  mount_deg  drift                  arm  n    nees  tail_lo  tail_hi  cov_pose  cov_head  head_rmse  pos_rmse  nis_s_pre  nis_s_acc  s_rej  nis_r_pre  nis_r_acc  r_rej
 R2A        0.0      0         A0_real_real 50  97.567    0.005    0.792     0.197     0.226     10.778     0.898      1.473      0.456  0.042      1.425      0.893  0.028
 R2A        0.0      0          J1_ar_indep 50 240.214    0.000    0.943     0.043     0.274      6.538     1.065      2.113      1.115  0.054      1.760      1.287  0.053
 R2A        0.0      0           J2_ar_corr 50 237.851    0.000    0.923     0.064     0.268      6.710     1.015      2.131      1.115  0.057      1.779      1.275  0.055
 R2A        0.0      0       J3_joint_block 50  53.606    0.004    0.744     0.219     0.562      2.758     0.535      1.437      0.426  0.026      1.604      0.926  0.037
 R2A        0.0      0 M0_Rmatched_Rmatched 50   1.742    0.060    0.004     0.991     0.968      1.217     0.144      1.004      0.927  0.010      0.951      0.887  0.009
 R2A        0.0      0              R1_bias 50   8.387    0.003    0.344     0.558     0.931      1.427     0.200      1.246      1.077  0.022      2.067      1.422  0.073
 R2A        0.0      0               R2_ar0 50  10.289    0.009    0.343     0.595     0.865      1.555     0.226      1.251      1.082  0.022      1.694      1.274  0.049
 R2A        0.0      0               R3_ar1 50  16.011    0.004    0.532     0.402     0.893      1.602     0.229      1.252      1.082  0.022      1.683      1.274  0.048
 R2A        0.0      0               R4_iid 50   4.833    0.009    0.105     0.829     0.939      1.421     0.156      1.245      1.077  0.022      2.040      1.084  0.054
 R2A        0.0      0           R5_realdem 50  11.257    0.003    0.379     0.529     0.861      1.711     0.309      1.252      1.081  0.022      1.343      0.856  0.025
 R2A        0.0      0           R6_distbin 50   9.577    0.023    0.335     0.639     0.943      1.363     0.180      1.244      1.076  0.022      1.623      1.120  0.052
 R2A        0.0      0            R7_tapbin 50   8.024    0.003    0.321     0.584     0.939      1.433     0.193      1.246      1.077  0.022      2.066      1.420  0.073
 R2A        0.0      0              R8_real 50  10.446    0.025    0.293     0.668     0.945      1.333     0.183      1.244      1.076  0.022      1.369      0.853  0.027
 R2A        0.0      0              S1_bias 50  36.971    0.001    0.819     0.151     0.609      3.086     0.789      1.220      1.059  0.021      2.448      1.522  0.101
 R2A        0.0      0               S2_ar0 50 121.312    0.002    0.736     0.225     0.332      5.422     0.628      1.480      1.072  0.037      2.489      1.532  0.104
 R2A        0.0      0               S3_ar1 50 212.979    0.001    0.844     0.135     0.276      6.821     1.084      2.133      1.099  0.055      2.580      1.534  0.108
 R2A        0.0      0               S4_iid 50  20.247    0.003    0.330     0.572     0.895      1.770     0.451      1.172      0.396  0.022      2.467      1.525  0.102
 R2A        0.0      0              S5_iid0 50   3.984    0.012    0.087     0.881     0.992      1.571     0.264      1.131      0.396  0.020      2.448      1.524  0.101
 R2A        0.0      0           S6_realdem 50  30.992    0.000    0.770     0.184     0.530      4.424     0.975      1.154      0.402  0.024      2.485      1.529  0.103
 R2A        0.0      0             S7_block 50  51.811    0.002    0.666     0.292     0.480      3.440     0.587      1.387      0.430  0.027      2.453      1.523  0.101
 R2A        0.0      0              S8_real 50  95.891    0.009    0.766     0.225     0.221     11.679     0.906      1.474      0.456  0.042      2.590      1.546  0.111
 R2A        0.0      0       W0_white_white 50   3.292    0.026    0.051     0.915     0.932      1.451     0.165      1.245      1.077  0.022      2.442      1.523  0.100
 R2A        0.0      1         A0_real_real 50 113.235    0.004    0.795     0.196     0.223     10.841     0.896      1.463      0.453  0.042      1.426      0.891  0.029
 R2A        0.0      1          J1_ar_indep 50 245.674    0.000    0.943     0.045     0.245      7.494     1.215      1.558      1.117  0.040      1.694      1.274  0.048
 R2A        0.0      1           J2_ar_corr 50 264.632    0.000    0.935     0.053     0.224      7.836     1.263      1.580      1.136  0.042      1.699      1.277  0.049
 R2A        0.0      1       J3_joint_block 50  54.664    0.004    0.723     0.237     0.616      2.969     0.561      1.267      0.414  0.025      1.589      0.923  0.035
 R2A        0.0      1 M0_Rmatched_Rmatched 50   2.438    0.050    0.029     0.955     0.923      1.415     0.182      1.006      0.933  0.010      0.939      0.880  0.008
 R2A        0.0      1              R1_bias 50   8.245    0.003    0.333     0.574     0.904      1.569     0.210      1.248      1.091  0.020      2.058      1.431  0.072
 R2A        0.0      1               R2_ar0 50  11.881    0.009    0.377     0.557     0.838      1.847     0.265      1.253      1.093  0.021      1.638      1.254  0.045
 R2A        0.0      1               R3_ar1 50  14.796    0.004    0.521     0.418     0.870      1.587     0.264      1.251      1.093  0.020      1.630      1.250  0.044
 R2A        0.0      1               R4_iid 50   5.794    0.003    0.169     0.758     0.901      1.523     0.185      1.248      1.090  0.020      2.036      1.088  0.052
 R2A        0.0      1           R5_realdem 50  19.485    0.002    0.460     0.448     0.767      2.129     0.364      1.261      1.098  0.021      1.349      0.859  0.025
 R2A        0.0      1           R6_distbin 50  10.605    0.021    0.364     0.602     0.877      1.686     0.198      1.247      1.089  0.020      1.621      1.130  0.051
 R2A        0.0      1            R7_tapbin 50   8.186    0.002    0.332     0.575     0.904      1.560     0.219      1.248      1.091  0.020      2.056      1.430  0.072
 R2A        0.0      1              R8_real 50  12.603    0.020    0.347     0.608     0.862      1.722     0.212      1.249      1.091  0.020      1.369      0.853  0.027
 R2A        0.0      1              S1_bias 50  39.378    0.001    0.831     0.138     0.570      3.392     0.813      1.235      1.072  0.021      2.415      1.524  0.097
 R2A        0.0      1               S2_ar0 50 129.983    0.001    0.808     0.166     0.288      5.996     0.939      1.434      1.107  0.033      2.462      1.532  0.101
 R2A        0.0      1               S3_ar1 50 202.730    0.001    0.882     0.101     0.234      7.851     1.219      1.532      1.117  0.038      2.490      1.530  0.104
 R2A        0.0      1               S4_iid 50  35.686    0.002    0.373     0.532     0.848      2.000     0.458      1.208      0.393  0.022      2.440      1.529  0.099
 R2A        0.0      1              S5_iid0 50   3.569    0.007    0.046     0.921     0.985      1.423     0.283      1.163      0.389  0.021      2.411      1.520  0.098
 R2A        0.0      1           S6_realdem 50  29.608    0.000    0.770     0.185     0.527      4.245     0.962      1.151      0.397  0.023      2.439      1.526  0.100
 R2A        0.0      1             S7_block 50  33.109    0.002    0.624     0.332     0.541      3.041     0.575      1.146      0.401  0.022      2.424      1.522  0.099
 R2A        0.0      1              S8_real 50  98.625    0.006    0.769     0.221     0.216     11.869     0.892      1.469      0.459  0.042      2.545      1.548  0.108
 R2A        0.0      1       W0_white_white 50   6.491    0.028    0.101     0.855     0.888      1.645     0.193      1.246      1.090  0.020      2.408      1.521  0.097
 R2A        0.0      2         A0_real_real 50 108.758    0.004    0.827     0.160     0.165     10.643     0.900      1.437      0.471  0.039      1.417      0.887  0.028
 R2A        0.0      2          J1_ar_indep 50 234.328    0.000    0.955     0.037     0.266      6.585     1.136      1.513      1.065  0.041      1.886      1.259  0.054
 R2A        0.0      2           J2_ar_corr 50 246.775    0.000    0.950     0.037     0.247      6.452     1.078      1.511      1.066  0.040      1.829      1.265  0.055
 R2A        0.0      2       J3_joint_block 50  47.880    0.001    0.817     0.150     0.558      3.378     0.623      1.214      0.423  0.021      1.443      0.907  0.031
 R2A        0.0      2 M0_Rmatched_Rmatched 50   2.821    0.032    0.030     0.954     0.893      1.722     0.180      1.013      0.940  0.010      0.946      0.888  0.008
 R2A        0.0      2              R1_bias 50   9.924    0.001    0.422     0.478     0.879      1.584     0.231      1.256      1.093  0.021      2.070      1.424  0.074
 R2A        0.0      2               R2_ar0 50  16.140    0.004    0.421     0.510     0.763      1.728     0.272      1.269      1.102  0.022      1.655      1.256  0.046
 R2A        0.0      2               R3_ar1 50  33.802    0.002    0.605     0.329     0.791      1.696     0.291      1.272      1.101  0.022      1.654      1.257  0.046
 R2A        0.0      2               R4_iid 50   6.632    0.003    0.195     0.725     0.876      1.651     0.207      1.255      1.093  0.021      2.080      1.081  0.055
 R2A        0.0      2           R5_realdem 50  17.202    0.003    0.532     0.386     0.654      2.551     0.370      1.281      1.107  0.023      1.357      0.855  0.026
 R2A        0.0      2           R6_distbin 50  12.446    0.014    0.392     0.574     0.833      2.044     0.231      1.258      1.095  0.021      1.622      1.127  0.051
 R2A        0.0      2            R7_tapbin 50   9.763    0.001    0.417     0.486     0.876      1.631     0.230      1.256      1.094  0.021      2.068      1.422  0.073
 R2A        0.0      2              R8_real 50  12.253    0.019    0.342     0.611     0.821      2.043     0.219      1.257      1.095  0.021      1.372      0.853  0.027
 R2A        0.0      2              S1_bias 50  51.385    0.001    0.843     0.125     0.513      3.551     0.873      1.277      1.092  0.023      2.431      1.517  0.099
 R2A        0.0      2               S2_ar0 50 108.428    0.002    0.807     0.164     0.309      5.753     0.798      1.343      1.042  0.030      2.513      1.527  0.104
 R2A        0.0      2               S3_ar1 50 211.254    0.001    0.894     0.090     0.264      6.616     1.113      1.494      1.065  0.040      2.562      1.531  0.107
 R2A        0.0      2               S4_iid 50  44.223    0.003    0.484     0.434     0.698      2.401     0.488      1.196      0.418  0.022      2.447      1.521  0.100
 R2A        0.0      2              S5_iid0 50   3.776    0.009    0.056     0.909     0.935      1.478     0.276      1.141      0.404  0.021      2.432      1.512  0.100
 R2A        0.0      2           S6_realdem 50  31.942    0.001    0.760     0.196     0.407      4.683     0.969      1.164      0.400  0.025      2.470      1.520  0.102
 R2A        0.0      2             S7_block 50  31.290    0.002    0.632     0.317     0.505      3.284     0.529      1.104      0.409  0.021      2.441      1.517  0.100
 R2A        0.0      2              S8_real 50 105.331    0.005    0.805     0.181     0.162     11.324     0.907      1.453      0.473  0.040      2.548      1.537  0.108
 R2A        0.0      2       W0_white_white 50   5.332    0.014    0.120     0.832     0.823      1.896     0.207      1.258      1.095  0.021      2.426      1.511  0.100
== PRIMARY: per-drift gap closure ((arm - W0)/(A0 - W0), seed-paired, bootstrap over seeds) ==
case  mount_deg  drift                  arm metric  n_seeds  arm_mean  denominator  status  closure                                      closure_ci
 R2A        0.0      0         A0_real_real   nees       50    97.567       94.275 defined    1.000                                      [1.0, 1.0]
 R2A        0.0      0         A0_real_real   head       50    10.744        9.229 defined    1.000                                      [1.0, 1.0]
 R2A        0.0      1         A0_real_real   nees       50   113.235      106.744 defined    1.000                                      [1.0, 1.0]
 R2A        0.0      1         A0_real_real   head       50    10.472        8.723 defined    1.000                                      [1.0, 1.0]
 R2A        0.0      2         A0_real_real   nees       50   108.758      103.426 defined    1.000                                      [1.0, 1.0]
 R2A        0.0      2         A0_real_real   head       50     9.993        7.856 defined    1.000                                      [1.0, 1.0]
 R2A        0.0      0          J1_ar_indep   nees       50   240.214       94.275 defined    2.513        [1.8390956350026089, 3.3483749374327942]
 R2A        0.0      0          J1_ar_indep   head       50     7.729        9.229 defined    0.673        [0.5201525519523409, 0.8619467515203855]
 R2A        0.0      1          J1_ar_indep   nees       50   245.674      106.744 defined    2.241        [1.5770146696919138, 3.0530813432312485]
 R2A        0.0      1          J1_ar_indep   head       50     8.232        8.723 defined    0.743        [0.6310511228843367, 0.8771073850454167]
 R2A        0.0      2          J1_ar_indep   nees       50   234.328      103.426 defined    2.214         [1.7079979357011028, 2.804918724653963]
 R2A        0.0      2          J1_ar_indep   head       50     7.728        7.856 defined    0.712            [0.5609573827416672, 0.889353125524]
 R2A        0.0      0           J2_ar_corr   nees       50   237.851       94.275 defined    2.488         [1.8015772010086926, 3.309186031968065]
 R2A        0.0      0           J2_ar_corr   head       50     8.288        9.229 defined    0.734         [0.5745825118137461, 0.929602291174381]
 R2A        0.0      1           J2_ar_corr   nees       50   264.632      106.744 defined    2.418        [1.6961938312602183, 3.3454990785975465]
 R2A        0.0      1           J2_ar_corr   head       50     8.718        8.723 defined    0.799        [0.6773139585342441, 0.9365650928659527]
 R2A        0.0      2           J2_ar_corr   nees       50   246.775      103.426 defined    2.334         [1.6618852027290618, 3.187814905665865]
 R2A        0.0      2           J2_ar_corr   head       50     7.822        7.856 defined    0.724         [0.571758811542025, 0.8973025642995358]
 R2A        0.0      0       J3_joint_block   nees       50    53.606       94.275 defined    0.534       [0.40114805846105683, 0.6984018933706141]
 R2A        0.0      0       J3_joint_block   head       50     3.292        9.229 defined    0.193      [0.14062301944050346, 0.24944240956399094]
 R2A        0.0      1       J3_joint_block   nees       50    54.664      106.744 defined    0.451        [0.3013631289468447, 0.6353660642868637]
 R2A        0.0      1       J3_joint_block   head       50     3.119        8.723 defined    0.157      [0.10484469758783896, 0.21467939797658445]
 R2A        0.0      2       J3_joint_block   nees       50    47.880      103.426 defined    0.411       [0.3280530059199125, 0.49374169760413955]
 R2A        0.0      2       J3_joint_block   head       50     3.482        7.856 defined    0.171       [0.1150099015631428, 0.22642680763206494]
 R2A        0.0      0 M0_Rmatched_Rmatched   nees       50     1.742       94.275 defined   -0.016  [-0.020271351847642068, -0.013333266951221598]
 R2A        0.0      0 M0_Rmatched_Rmatched   head       50     1.273        9.229 defined   -0.026    [-0.04000807442747745, -0.01504885763778496]
 R2A        0.0      1 M0_Rmatched_Rmatched   nees       50     2.438      106.744 defined   -0.038   [-0.09033392010310194, -0.012844657583550526]
 R2A        0.0      1 M0_Rmatched_Rmatched   head       50     1.570        8.723 defined   -0.020    [-0.033730541637616115, -0.0080823193049369]
 R2A        0.0      2 M0_Rmatched_Rmatched   nees       50     2.821      103.426 defined   -0.024    [-0.0348397807871034, -0.016237562973357367]
 R2A        0.0      2 M0_Rmatched_Rmatched   head       50     1.881        7.856 defined   -0.033    [-0.05409763657954663, -0.01515513010164985]
 R2A        0.0      0              R1_bias   nees       50     8.387       94.275 defined    0.054      [0.04734154065369361, 0.06031016969460859]
 R2A        0.0      0              R1_bias   head       50     1.471        9.229 defined   -0.005   [-0.016157531037904897, 0.005497896184795256]
 R2A        0.0      1              R1_bias   nees       50     8.245      106.744 defined    0.016     [-0.02748988803043556, 0.04301200992390132]
 R2A        0.0      1              R1_bias   head       50     1.628        8.723 defined   -0.014   [-0.02999440481882615, 0.0017638564422871523]
 R2A        0.0      2              R1_bias   nees       50     9.924      103.426 defined    0.044    [0.033043350710114806, 0.054789815087782086]
 R2A        0.0      2              R1_bias   head       50     1.811        7.856 defined   -0.042   [-0.07470544813677993, -0.016333321559728997]
 R2A        0.0      0               R2_ar0   nees       50    10.289       94.275 defined    0.074     [0.056947719512152634, 0.10237718506456601]
 R2A        0.0      0               R2_ar0   head       50     1.801        9.229 defined    0.031    [0.008070779335797603, 0.060058878446398865]
 R2A        0.0      1               R2_ar0   nees       50    11.881      106.744 defined    0.050     [0.001763850201584628, 0.09745833789634405]
 R2A        0.0      1               R2_ar0   head       50     2.088        8.723 defined    0.039     [0.016715826247639315, 0.07030967467202538]
 R2A        0.0      2               R2_ar0   nees       50    16.140      103.426 defined    0.104       [0.05661769646174093, 0.1795521034013975]
 R2A        0.0      2               R2_ar0   head       50     2.479        7.856 defined    0.043     [0.008860249418222669, 0.09048651982199295]
 R2A        0.0      0               R3_ar1   nees       50    16.011       94.275 defined    0.135       [0.11670957381883666, 0.1554329609066059]
 R2A        0.0      0               R3_ar1   head       50     1.714        9.229 defined    0.022     [0.001842338271077061, 0.04202256362337281]
 R2A        0.0      1               R3_ar1   nees       50    14.796      106.744 defined    0.078     [0.035692542800016505, 0.11341846498667289]
 R2A        0.0      1               R3_ar1   head       50     1.769        8.723 defined    0.002    [-0.013478979112797216, 0.01865260477432811]
 R2A        0.0      2               R3_ar1   nees       50    33.802      103.426 defined    0.275       [0.10555307661897194, 0.5285970955249746]
 R2A        0.0      2               R3_ar1   head       50     2.353        7.856 defined    0.027     [-0.02800727380846867, 0.09349958848244422]
 R2A        0.0      0               R4_iid   nees       50     4.833       94.275 defined    0.016     [0.011190336319115425, 0.02072714830918343]
 R2A        0.0      0               R4_iid   head       50     1.420        9.229 defined   -0.010 [-0.022094812300449854, 0.00018639838352058497]
 R2A        0.0      1               R4_iid   nees       50     5.794      106.744 defined   -0.007    [-0.05154672880677108, 0.017707185717974305]
 R2A        0.0      1               R4_iid   head       50     1.654        8.723 defined   -0.011   [-0.032852278459569235, 0.009532524125792077]
 R2A        0.0      2               R4_iid   nees       50     6.632      103.426 defined    0.013     [0.00283723054478226, 0.020773986567470808]
 R2A        0.0      2               R4_iid   head       50     1.835        7.856 defined   -0.038   [-0.07123896448448241, -0.014567051095706976]
 R2A        0.0      0           R5_realdem   nees       50    11.257       94.275 defined    0.084      [0.06839610273683913, 0.10530457246073188]
 R2A        0.0      0           R5_realdem   head       50     2.060        9.229 defined    0.059      [0.03301482132066501, 0.08928662863160612]
 R2A        0.0      1           R5_realdem   nees       50    19.485      106.744 defined    0.122     [0.043243485133225706, 0.23565157493430713]
 R2A        0.0      1           R5_realdem   head       50     2.596        8.723 defined    0.097      [0.05784535681496194, 0.14705172138188966]
 R2A        0.0      2           R5_realdem   nees       50    17.202      103.426 defined    0.115       [0.0846531389375375, 0.14801610185722058]
 R2A        0.0      2           R5_realdem   head       50     3.146        7.856 defined    0.128      [0.07981265870878755, 0.18361888433007545]
 R2A        0.0      0           R6_distbin   nees       50     9.577       94.275 defined    0.067      [0.06237782684462274, 0.07089326978595017]
 R2A        0.0      0           R6_distbin   head       50     1.465        9.229 defined   -0.005   [-0.015652600722990618, 0.004977886443216767]
 R2A        0.0      1           R6_distbin   nees       50    10.605      106.744 defined    0.039   [-0.0014645079405571412, 0.06596507166595822]
 R2A        0.0      1           R6_distbin   head       50     1.809        8.723 defined    0.007    [-0.00552629258488773, 0.021548266907217003]
 R2A        0.0      2           R6_distbin   nees       50    12.446      103.426 defined    0.069      [0.057258790314616684, 0.0823099339506717]
 R2A        0.0      2           R6_distbin   head       50     2.174        7.856 defined    0.005   [-0.011694609892664454, 0.023193034124549827]
 R2A        0.0      0            R7_tapbin   nees       50     8.024       94.275 defined    0.050    [0.043846545127626105, 0.055868618961961665]
 R2A        0.0      0            R7_tapbin   head       50     1.456        9.229 defined   -0.006   [-0.01807349111284953, 0.0037261016829056633]
 R2A        0.0      1            R7_tapbin   nees       50     8.186      106.744 defined    0.016    [-0.027765562287802265, 0.04225779535885706]
 R2A        0.0      1            R7_tapbin   head       50     1.649        8.723 defined   -0.011   [-0.027356672438505297, 0.004268734256351417]
 R2A        0.0      2            R7_tapbin   nees       50     9.763      103.426 defined    0.043    [0.032055619671623015, 0.053080517709823236]
 R2A        0.0      2            R7_tapbin   head       50     1.816        7.856 defined   -0.041   [-0.07202453638232412, -0.016774422662432936]
 R2A        0.0      0              R8_real   nees       50    10.446       94.275 defined    0.076      [0.06804351523835243, 0.08543495420226883]
 R2A        0.0      0              R8_real   head       50     1.483        9.229 defined   -0.003    [-0.01538796292720942, 0.006899799773646627]
 R2A        0.0      1              R8_real   nees       50    12.603      106.744 defined    0.057      [0.02614893543626888, 0.08592365484177444]
 R2A        0.0      1              R8_real   head       50     1.884        8.723 defined    0.015    [-0.006720504363643324, 0.04261758445867702]
 R2A        0.0      2              R8_real   nees       50    12.253      103.426 defined    0.067      [0.05615886159477606, 0.07756215956104599]
 R2A        0.0      2              R8_real   head       50     2.157        7.856 defined    0.003   [-0.022920455212091063, 0.024115946873215596]
 R2A        0.0      0              S1_bias   nees       50    36.971       94.275 defined    0.357        [0.3144215920428219, 0.4009273864920159]
 R2A        0.0      0              S1_bias   head       50     3.083        9.229 defined    0.170      [0.14028106873222632, 0.19843342169198844]
 R2A        0.0      1              S1_bias   nees       50    39.378      106.744 defined    0.308      [0.23531748304289238, 0.37794726041087695]
 R2A        0.0      1              S1_bias   head       50     3.552        8.723 defined    0.207       [0.1720467068630401, 0.24408533005508276]
 R2A        0.0      2              S1_bias   nees       50    51.385      103.426 defined    0.445        [0.3734170839008384, 0.5298519632655095]
 R2A        0.0      2              S1_bias   head       50     4.016        7.856 defined    0.239       [0.18660863840033934, 0.2976621820090722]
 R2A        0.0      0               S2_ar0   nees       50   121.312       94.275 defined    1.252        [0.7627622409236378, 1.8764181010094256]
 R2A        0.0      0               S2_ar0   head       50     6.260        9.229 defined    0.514       [0.41115477449418397, 0.6314032333780438]
 R2A        0.0      1               S2_ar0   nees       50   129.983      106.744 defined    1.157        [0.7680730883459866, 1.6531812837824866]
 R2A        0.0      1               S2_ar0   head       50     7.137        8.723 defined    0.618         [0.511188147656577, 0.7321206136659604]
 R2A        0.0      2               S2_ar0   nees       50   108.428      103.426 defined    0.997        [0.6979122458865862, 1.3868959650099595]
 R2A        0.0      2               S2_ar0   head       50     6.580        7.856 defined    0.566        [0.4584672854818408, 0.6923406767661631]
 R2A        0.0      0               S3_ar1   nees       50   212.979       94.275 defined    2.224         [1.527717805556058, 3.0972727303374934]
 R2A        0.0      0               S3_ar1   head       50     8.280        9.229 defined    0.733        [0.5682756857669707, 0.9468949792017943]
 R2A        0.0      1               S3_ar1   nees       50   202.730      106.744 defined    1.838        [1.3089139453828076, 2.5224684115345855]
 R2A        0.0      1               S3_ar1   head       50     8.648        8.723 defined    0.791        [0.6675820207959939, 0.9248084360005397]
 R2A        0.0      2               S3_ar1   nees       50   211.254      103.426 defined    1.991         [1.4495356851236796, 2.640319432569092]
 R2A        0.0      2               S3_ar1   head       50     7.994        7.856 defined    0.746        [0.5838483112361353, 0.9342636703960866]
 R2A        0.0      0               S4_iid   nees       50    20.247       94.275 defined    0.180       [0.12637019582807327, 0.2448322410888197]
 R2A        0.0      0               S4_iid   head       50     1.806        9.229 defined    0.031     [0.010432196640111774, 0.05037425550405949]
 R2A        0.0      1               S4_iid   nees       50    35.686      106.744 defined    0.274      [0.15149557753115558, 0.44841692154575746]
 R2A        0.0      1               S4_iid   head       50     2.002        8.723 defined    0.029   [-0.006562860055583538, 0.058237005572275624]
 R2A        0.0      2               S4_iid   nees       50    44.223      103.426 defined    0.376       [0.12017365713658419, 0.8415040057239046]
 R2A        0.0      2               S4_iid   head       50     2.706        7.856 defined    0.072     [0.022244743766719144, 0.12186776699575759]
 R2A        0.0      0              S5_iid0   nees       50     3.984       94.275 defined    0.007  [0.00039091609571722337, 0.015085497859868768]
 R2A        0.0      0              S5_iid0   head       50     1.563        9.229 defined    0.005    [-0.017606427827834524, 0.02595254394098212]
 R2A        0.0      1              S5_iid0   nees       50     3.569      106.744 defined   -0.027  [-0.08103981874810423, -0.0006766195932570478]
 R2A        0.0      1              S5_iid0   head       50     1.545        8.723 defined   -0.023    [-0.05445374132520349, 0.007195558741630716]
 R2A        0.0      2              S5_iid0   nees       50     3.776      103.426 defined   -0.015   [-0.03221868041468999, -0.003234262072780388]
 R2A        0.0      2              S5_iid0   head       50     1.823        7.856 defined   -0.040  [-0.08192471492276679, -0.0024370879114512804]
 R2A        0.0      0           S6_realdem   nees       50    30.992       94.275 defined    0.294       [0.26897866144711713, 0.3204215400620989]
 R2A        0.0      0           S6_realdem   head       50     4.345        9.229 defined    0.307       [0.2859727559845031, 0.32660908150180956]
 R2A        0.0      1           S6_realdem   nees       50    29.608      106.744 defined    0.217        [0.16115750596779005, 0.272892782985586]
 R2A        0.0      1           S6_realdem   head       50     4.164        8.723 defined    0.277      [0.24448163084953908, 0.31415210233295965]
 R2A        0.0      2           S6_realdem   nees       50    31.942      103.426 defined    0.257      [0.21623970290342134, 0.30127147900394713]
 R2A        0.0      2           S6_realdem   head       50     4.457        7.856 defined    0.295      [0.24627551662201272, 0.34591586349426945]
 R2A        0.0      0             S7_block   nees       50    51.811       94.275 defined    0.515       [0.31672009746127433, 0.7854817238577646]
 R2A        0.0      0             S7_block   head       50     3.865        9.229 defined    0.255       [0.2028908446738551, 0.31114315927527864]
 R2A        0.0      1             S7_block   nees       50    33.109      106.744 defined    0.249       [0.1558501603985796, 0.36293978018363515]
 R2A        0.0      1             S7_block   head       50     3.601        8.723 defined    0.212        [0.1497319331001311, 0.2776640097399101]
 R2A        0.0      2             S7_block   nees       50    31.290      103.426 defined    0.251         [0.1851022879296205, 0.329117842712359]
 R2A        0.0      2             S7_block   head       50     3.684        7.856 defined    0.197       [0.14256337381838818, 0.2604735267449747]
 R2A        0.0      0              S8_real   nees       50    95.891       94.275 defined    0.982        [0.9350835840671647, 1.0296096349580568]
 R2A        0.0      0              S8_real   head       50    11.319        9.229 defined    1.062          [1.0314133009581254, 1.09418762919558]
 R2A        0.0      1              S8_real   nees       50    98.625      106.744 defined    0.863        [0.6783652072829152, 1.0157180730764055]
 R2A        0.0      1              S8_real   head       50    11.295        8.723 defined    1.094        [1.0496450338907761, 1.1436484470667068]
 R2A        0.0      2              S8_real   nees       50   105.331      103.426 defined    0.967        [0.9231120686494753, 1.0104229560902607]
 R2A        0.0      2              S8_real   head       50    10.761        7.856 defined    1.098        [1.0579749949052955, 1.1470852153740083]
 R2A        0.0      0       W0_white_white   nees       50     3.292       94.275 defined    0.000                                      [0.0, 0.0]
 R2A        0.0      0       W0_white_white   head       50     1.515        9.229 defined    0.000                                      [0.0, 0.0]
 R2A        0.0      1       W0_white_white   nees       50     6.491      106.744 defined    0.000                                      [0.0, 0.0]
 R2A        0.0      1       W0_white_white   head       50     1.749        8.723 defined    0.000                                      [0.0, 0.0]
 R2A        0.0      2       W0_white_white   nees       50     5.332      103.426 defined    0.000                                      [0.0, 0.0]
 R2A        0.0      2       W0_white_white   head       50     2.137        7.856 defined    0.000                                      [0.0, 0.0]
== AUXILIARY: seeds averaged over drifts (only seeds complete for every compared arm and drift) ==
case  mount_deg                  arm metric  n_seeds  arm_mean  denominator  status  closure                                     closure_ci
 R2A        0.0         A0_real_real   nees       50   106.520      101.482 defined    1.000                                     [1.0, 1.0]
 R2A        0.0         A0_real_real   head       50    10.403        8.602 defined    1.000                                     [1.0, 1.0]
 R2A        0.0          J1_ar_indep   nees       50   240.072      101.482 defined    2.316        [1.9773340418086134, 2.706675230864577]
 R2A        0.0          J1_ar_indep   head       50     7.896        8.602 defined    0.709       [0.6304348620429596, 0.7965067709370389]
 R2A        0.0           J2_ar_corr   nees       50   249.753      101.482 defined    2.411       [1.9714038832001373, 2.9296516507772608]
 R2A        0.0           J2_ar_corr   head       50     8.276        8.602 defined    0.753       [0.6655154951219006, 0.8524130397756331]
 R2A        0.0       J3_joint_block   nees       50    52.050      101.482 defined    0.463       [0.3853396318065124, 0.5470156799469079]
 R2A        0.0       J3_joint_block   head       50     3.298        8.602 defined    0.174       [0.1432839770645733, 0.2061677467264258]
 R2A        0.0 M0_Rmatched_Rmatched   nees       50     2.334      101.482 defined   -0.027 [-0.043950989928059576, -0.016531103066790117]
 R2A        0.0 M0_Rmatched_Rmatched   head       50     1.575        8.602 defined   -0.026   [-0.03396339874495397, -0.01870714470849492]
 R2A        0.0              R1_bias   nees       50     8.852      101.482 defined    0.038      [0.02214430274474634, 0.0489274698286473]
 R2A        0.0              R1_bias   head       50     1.637        8.602 defined   -0.019 [-0.030271218561840917, -0.008430905783318919]
 R2A        0.0               R2_ar0   nees       50    12.770      101.482 defined    0.076     [0.05183237955773802, 0.10660247475114745]
 R2A        0.0               R2_ar0   head       50     2.123        8.602 defined    0.037     [0.02071823090302863, 0.05712603576849586]
 R2A        0.0               R3_ar1   nees       50    21.536      101.482 defined    0.163     [0.10087486602080087, 0.25172597306513417]
 R2A        0.0               R3_ar1   head       50     1.945        8.602 defined    0.017  [-0.0018636964898994675, 0.03979781398672735]
 R2A        0.0               R4_iid   nees       50     5.753      101.482 defined    0.007  [-0.008900109351784357, 0.017447152840329282]
 R2A        0.0               R4_iid   head       50     1.636        8.602 defined   -0.019 [-0.030648340837123266, -0.009153344591689873]
 R2A        0.0           R5_realdem   nees       50    15.981      101.482 defined    0.108     [0.07574080148607909, 0.14781338830080723]
 R2A        0.0           R5_realdem   head       50     2.601        8.602 defined    0.093      [0.06908111435547573, 0.1184551839566952]
 R2A        0.0           R6_distbin   nees       50    10.876      101.482 defined    0.058      [0.04278529898699421, 0.0694141649529108]
 R2A        0.0           R6_distbin   head       50     1.816        8.602 defined    0.002   [-0.005212897783836565, 0.00925891974554463]
 R2A        0.0            R7_tapbin   nees       50     8.657      101.482 defined    0.036     [0.02036679223977139, 0.04674981793658659]
 R2A        0.0            R7_tapbin   head       50     1.641        8.602 defined   -0.019 [-0.029178204496728963, -0.008939145087579568]
 R2A        0.0              R8_real   nees       50    11.767      101.482 defined    0.066    [0.053996063294740985, 0.07735321046993067]
 R2A        0.0              R8_real   head       50     1.841        8.602 defined    0.005  [-0.006540375187407685, 0.016036823480515983]
 R2A        0.0              S1_bias   nees       50    42.578      101.482 defined    0.370      [0.3243412109525875, 0.41527230365791606]
 R2A        0.0              S1_bias   head       50     3.550        8.602 defined    0.203      [0.1795498798547286, 0.22792697427926473]
 R2A        0.0               S2_ar0   nees       50   119.908      101.482 defined    1.132        [0.8860319088028201, 1.412106146504107]
 R2A        0.0               S2_ar0   head       50     6.659        8.602 defined    0.565       [0.5019004698970709, 0.6325236458039385]
 R2A        0.0               S3_ar1   nees       50   208.987      101.482 defined    2.010        [1.6692341353408824, 2.399216767111822]
 R2A        0.0               S3_ar1   head       50     8.307        8.602 defined    0.756       [0.6648191837896771, 0.8581265143313951]
 R2A        0.0               S4_iid   nees       50    33.385      101.482 defined    0.279      [0.15998956416789578, 0.4736782064315545]
 R2A        0.0               S4_iid   head       50     2.171        8.602 defined    0.043     [0.02501032653134465, 0.06097575328763566]
 R2A        0.0              S5_iid0   nees       50     3.777      101.482 defined   -0.012 [-0.029834961912452752, -0.001387326999278786]
 R2A        0.0              S5_iid0   head       50     1.644        8.602 defined   -0.018 [-0.033900217743190034, -0.003600993683621799]
 R2A        0.0           S6_realdem   nees       50    30.847      101.482 defined    0.254      [0.22567659064686038, 0.2811071633474719]
 R2A        0.0           S6_realdem   head       50     4.322        8.602 defined    0.293     [0.27118152438624105, 0.31418548884529335]
 R2A        0.0             S7_block   nees       50    38.737      101.482 defined    0.332      [0.25278676631511277, 0.4276951326334142]
 R2A        0.0             S7_block   head       50     3.717        8.602 defined    0.223     [0.19205129852581065, 0.25481126392867104]
 R2A        0.0              S8_real   nees       50    99.949      101.482 defined    0.935       [0.8546841954225775, 0.9932147243953697]
 R2A        0.0              S8_real   head       50    11.125        8.602 defined    1.084       [1.0626773327351766, 1.1063440277495276]
 R2A        0.0       W0_white_white   nees       50     5.039      101.482 defined    0.000                                     [0.0, 0.0]
 R2A        0.0       W0_white_white   head       50     1.800        8.602 defined    0.000                                     [0.0, 0.0]
== fed-error statistics (thermal and extra noise included, t>=30 s); noise_corr_pre = generator correlation before the additions ==
case  mount_deg                  arm  fed_s_mean  fed_s_var  fed_s_rms  fed_s_phi  fed_r_mean  fed_r_var  fed_r_rms  fed_r_phi  fed_corr_s_r  noise_corr_pre  j2_target_corr  j2_innovation_corr
 R2A        0.0         A0_real_real      0.0465     0.0299     0.1790     0.9266      0.0530     0.0151     0.1339     0.6625        0.4748             NaN             NaN                 NaN
 R2A        0.0          J1_ar_indep      0.0484     0.0294     0.1801     0.9209      0.0511     0.0146     0.1318     0.6617       -0.0023         -0.0023             NaN                 NaN
 R2A        0.0           J2_ar_corr      0.0484     0.0294     0.1801     0.9209      0.0517     0.0147     0.1321     0.6614        0.4774          0.4777          0.5226              0.5969
 R2A        0.0       J3_joint_block      0.0464     0.0322     0.1771     0.8960      0.0512     0.0143     0.1294     0.6101        0.4656          0.4658             NaN                 NaN
 R2A        0.0 M0_Rmatched_Rmatched      0.0003     0.0261     0.1615    -0.0030     -0.0001     0.0068     0.0827    -0.0019        0.0029          0.0028             NaN                 NaN
 R2A        0.0              R1_bias      0.0003     0.0323     0.1797    -0.0030      0.0516     0.0149     0.1325    -0.0002        0.0035          0.0034             NaN                 NaN
 R2A        0.0               R2_ar0      0.0003     0.0323     0.1797    -0.0030     -0.0008     0.0146     0.1215     0.6617        0.0013          0.0013             NaN                 NaN
 R2A        0.0               R3_ar1      0.0003     0.0323     0.1797    -0.0030      0.0511     0.0146     0.1318     0.6617        0.0013          0.0013             NaN                 NaN
 R2A        0.0               R4_iid      0.0003     0.0323     0.1797    -0.0030      0.0513     0.0149     0.1321    -0.0003        0.0018          0.0019             NaN                 NaN
 R2A        0.0           R5_realdem      0.0003     0.0323     0.1797    -0.0030     -0.0002     0.0149     0.1222     0.6722       -0.0024         -0.0026             NaN                 NaN
 R2A        0.0           R6_distbin      0.0003     0.0323     0.1797    -0.0030      0.0515     0.0149     0.1324     0.2150        0.0056          0.0054             NaN                 NaN
 R2A        0.0            R7_tapbin      0.0003     0.0323     0.1797    -0.0030      0.0516     0.0149     0.1325     0.0001        0.0038          0.0037             NaN                 NaN
 R2A        0.0              R8_real      0.0003     0.0323     0.1797    -0.0030      0.0530     0.0151     0.1339     0.6625       -0.0024             NaN             NaN                 NaN
 R2A        0.0              S1_bias      0.0468     0.0301     0.1798    -0.0030     -0.0002     0.0176     0.1327    -0.0019        0.0029          0.0028             NaN                 NaN
 R2A        0.0               S2_ar0      0.0019     0.0294     0.1737     0.9209     -0.0002     0.0176     0.1327    -0.0019        0.0003          0.0002             NaN                 NaN
 R2A        0.0               S3_ar1      0.0484     0.0294     0.1801     0.9209     -0.0002     0.0176     0.1327    -0.0019        0.0003          0.0002             NaN                 NaN
 R2A        0.0               S4_iid      0.0457     0.0297     0.1775     0.0044     -0.0002     0.0176     0.1327    -0.0019       -0.0029         -0.0030             NaN                 NaN
 R2A        0.0              S5_iid0     -0.0008     0.0297     0.1716     0.0044     -0.0002     0.0176     0.1327    -0.0019       -0.0029         -0.0030             NaN                 NaN
 R2A        0.0           S6_realdem      0.0000     0.0300     0.1731     0.9261     -0.0002     0.0176     0.1327    -0.0019       -0.0023         -0.0024             NaN                 NaN
 R2A        0.0             S7_block      0.0463     0.0295     0.1703     0.8871     -0.0002     0.0176     0.1327    -0.0019       -0.0022         -0.0022             NaN                 NaN
 R2A        0.0              S8_real      0.0465     0.0299     0.1790     0.9266     -0.0002     0.0176     0.1327    -0.0019       -0.0018             NaN             NaN                 NaN
 R2A        0.0       W0_white_white      0.0003     0.0323     0.1797    -0.0030     -0.0002     0.0176     0.1327    -0.0019        0.0029          0.0028             NaN                 NaN
