PILOT8 0 /257
PILOT8 32 /257
PILOT8 64 /257
PILOT8 96 /257
PILOT8 128 /257
PILOT8 160 /257
PILOT8 192 /257
PILOT8 224 /257
PILOT8 256 /257
R2_aA_m0 0 /257
R2_aA_m0 32 /257
R2_aA_m0 64 /257
R2_aA_m0 96 /257
R2_aA_m0 128 /257
R2_aA_m0 160 /257
R2_aA_m0 192 /257
R2_aA_m0 224 /257
R2_aA_m0 256 /257
R2_aA_m0 complete
R2_aB_m0 0 /257
R2_aB_m0 32 /257
R2_aB_m0 64 /257
R2_aB_m0 96 /257
R2_aB_m0 128 /257
R2_aB_m0 160 /257
R2_aB_m0 192 /257
R2_aB_m0 224 /257
R2_aB_m0 256 /257
R2_aB_m0 complete
R5_aA_m0 0 /257
R5_aA_m0 32 /257
R5_aA_m0 64 /257
R5_aA_m0 96 /257
R5_aA_m0 128 /257
R5_aA_m0 160 /257
R5_aA_m0 192 /257
R5_aA_m0 224 /257
R5_aA_m0 256 /257
R5_aA_m0 complete
R5_aB_m0 0 /257
R5_aB_m0 32 /257
R5_aB_m0 64 /257
R5_aB_m0 96 /257
R5_aB_m0 128 /257
R5_aB_m0 160 /257
R5_aB_m0 192 /257
R5_aB_m0 224 /257
R5_aB_m0 256 /257
R5_aB_m0 complete
R4_aA_m0 0 /257
R4_aA_m0 32 /257
R4_aA_m0 64 /257
R4_aA_m0 96 /257
R4_aA_m0 128 /257
R4_aA_m0 160 /257
R4_aA_m0 192 /257
R4_aA_m0 224 /257
R4_aA_m0 256 /257
R4_aA_m0 complete
R4_aB_m0 0 /257
R4_aB_m0 32 /257
R4_aB_m0 64 /257
R4_aB_m0 96 /257
R4_aB_m0 128 /257
R4_aB_m0 160 /257
R4_aB_m0 192 /257
R4_aB_m0 224 /257
R4_aB_m0 256 /257
R4_aB_m0 complete
R2_aA_m45 0 /257
R2_aA_m45 32 /257
R2_aA_m45 64 /257
R2_aA_m45 96 /257
R2_aA_m45 128 /257
R2_aA_m45 160 /257
R2_aA_m45 192 /257
R2_aA_m45 224 /257
R2_aA_m45 256 /257
R2_aA_m45 complete
