A0_real_real 0 0 matched
A0_real_real 1 0 matched
A0_real_real 2 0 matched
A0_real_real 3 0 matched
A0_real_real 4 0 matched
A0_real_real 0 1 matched
A0_real_real 1 1 matched
A0_real_real 2 1 matched
A0_real_real 3 1 matched
A0_real_real 4 1 matched
A0_real_real 0 2 matched
A0_real_real 1 2 matched
A0_real_real 2 2 matched
A0_real_real 3 2 matched
A0_real_real 4 2 matched
M0_Rmatched_Rmatched 0 0 matched
M0_Rmatched_Rmatched 1 0 matched
M0_Rmatched_Rmatched 2 0 matched
M0_Rmatched_Rmatched 3 0 matched
M0_Rmatched_Rmatched 4 0 matched
M0_Rmatched_Rmatched 0 1 matched
M0_Rmatched_Rmatched 1 1 matched
M0_Rmatched_Rmatched 2 1 matched
M0_Rmatched_Rmatched 3 1 matched
M0_Rmatched_Rmatched 4 1 matched
M0_Rmatched_Rmatched 0 2 matched
M0_Rmatched_Rmatched 1 2 matched
M0_Rmatched_Rmatched 2 2 matched
M0_Rmatched_Rmatched 3 2 matched
M0_Rmatched_Rmatched 4 2 matched
S3_ar1 0 0 matched
S3_ar1 1 0 matched
S3_ar1 2 0 matched
S3_ar1 3 0 matched
S3_ar1 4 0 matched
S3_ar1 0 1 matched
S3_ar1 1 1 matched
S3_ar1 2 1 matched
S3_ar1 3 1 matched
S3_ar1 4 1 matched
S3_ar1 0 2 matched
S3_ar1 1 2 matched
S3_ar1 2 2 matched
S3_ar1 3 2 matched
S3_ar1 4 2 matched
S8_real 0 0 matched
S8_real 1 0 matched
S8_real 2 0 matched
S8_real 3 0 matched
S8_real 4 0 matched
S8_real 0 1 matched
S8_real 1 1 matched
S8_real 2 1 matched
S8_real 3 1 matched
S8_real 4 1 matched
S8_real 0 2 matched
S8_real 1 2 matched
S8_real 2 2 matched
S8_real 3 2 matched
S8_real 4 2 matched
R1_bias 0 0 matched
R1_bias 1 0 matched
R1_bias 2 0 matched
R1_bias 3 0 matched
R1_bias 4 0 matched
R1_bias 0 1 matched
R1_bias 1 1 matched
R1_bias 2 1 matched
R1_bias 3 1 matched
R1_bias 4 1 matched
R1_bias 0 2 matched
R1_bias 1 2 matched
R1_bias 2 2 matched
R1_bias 3 2 matched
R1_bias 4 2 matched
R2_ar0 0 0 matched
R2_ar0 1 0 matched
R2_ar0 2 0 matched
R2_ar0 3 0 matched
R2_ar0 4 0 matched
R2_ar0 0 1 matched
R2_ar0 1 1 matched
R2_ar0 2 1 matched
R2_ar0 3 1 matched
R2_ar0 4 1 matched
R2_ar0 0 2 matched
R2_ar0 1 2 matched
R2_ar0 2 2 matched
R2_ar0 3 2 matched
R2_ar0 4 2 matched
R3_ar1 0 0 matched
R3_ar1 1 0 matched
R3_ar1 2 0 matched
R3_ar1 3 0 matched
R3_ar1 4 0 matched
R3_ar1 0 1 matched
R3_ar1 1 1 matched
R3_ar1 2 1 matched
R3_ar1 3 1 matched
R3_ar1 4 1 matched
R3_ar1 0 2 matched
R3_ar1 1 2 matched
R3_ar1 2 2 matched
R3_ar1 3 2 matched
R3_ar1 4 2 matched
R4_iid 0 0 matched
R4_iid 1 0 matched
R4_iid 2 0 matched
R4_iid 3 0 matched
R4_iid 4 0 matched
R4_iid 0 1 matched
R4_iid 1 1 matched
R4_iid 2 1 matched
R4_iid 3 1 matched
R4_iid 4 1 matched
R4_iid 0 2 matched
R4_iid 1 2 matched
R4_iid 2 2 matched
R4_iid 3 2 matched
R4_iid 4 2 matched
R5_realdem 0 0 matched
R5_realdem 1 0 matched
R5_realdem 2 0 matched
R5_realdem 3 0 matched
R5_realdem 4 0 matched
R5_realdem 0 1 matched
R5_realdem 1 1 matched
R5_realdem 2 1 matched
R5_realdem 3 1 matched
R5_realdem 4 1 matched
R5_realdem 0 2 matched
R5_realdem 1 2 matched
R5_realdem 2 2 matched
R5_realdem 3 2 matched
R5_realdem 4 2 matched
R6_distbin 0 0 matched
R6_distbin 1 0 matched
R6_distbin 2 0 matched
R6_distbin 3 0 matched
R6_distbin 4 0 matched
R6_distbin 0 1 matched
R6_distbin 1 1 matched
R6_distbin 2 1 matched
R6_distbin 3 1 matched
R6_distbin 4 1 matched
R6_distbin 0 2 matched
R6_distbin 1 2 matched
R6_distbin 2 2 matched
R6_distbin 3 2 matched
R6_distbin 4 2 matched
R7_tapbin 0 0 matched
R7_tapbin 1 0 matched
R7_tapbin 2 0 matched
R7_tapbin 3 0 matched
R7_tapbin 4 0 matched
R7_tapbin 0 1 matched
R7_tapbin 1 1 matched
R7_tapbin 2 1 matched
R7_tapbin 3 1 matched
R7_tapbin 4 1 matched
R7_tapbin 0 2 matched
R7_tapbin 1 2 matched
R7_tapbin 2 2 matched
R7_tapbin 3 2 matched
R7_tapbin 4 2 matched
R8_real 0 0 matched
R8_real 1 0 matched
R8_real 2 0 matched
R8_real 3 0 matched
R8_real 4 0 matched
R8_real 0 1 matched
R8_real 1 1 matched
R8_real 2 1 matched
R8_real 3 1 matched
R8_real 4 1 matched
R8_real 0 2 matched
R8_real 1 2 matched
R8_real 2 2 matched
R8_real 3 2 matched
R8_real 4 2 matched
J1_ar_indep 0 0 matched
J1_ar_indep 1 0 matched
J1_ar_indep 2 0 matched
J1_ar_indep 3 0 matched
J1_ar_indep 4 0 matched
J1_ar_indep 0 1 matched
J1_ar_indep 1 1 matched
J1_ar_indep 2 1 matched
J1_ar_indep 3 1 matched
J1_ar_indep 4 1 matched
J1_ar_indep 0 2 matched
J1_ar_indep 1 2 matched
J1_ar_indep 2 2 matched
J1_ar_indep 3 2 matched
J1_ar_indep 4 2 matched
J2_ar_corr 0 0 matched
J2_ar_corr 1 0 matched
J2_ar_corr 2 0 matched
J2_ar_corr 3 0 matched
J2_ar_corr 4 0 matched
J2_ar_corr 0 1 matched
J2_ar_corr 1 1 matched
J2_ar_corr 2 1 matched
J2_ar_corr 3 1 matched
J2_ar_corr 4 1 matched
J2_ar_corr 0 2 matched
J2_ar_corr 1 2 matched
J2_ar_corr 2 2 matched
J2_ar_corr 3 2 matched
J2_ar_corr 4 2 matched
J3_joint_block 0 0 matched
J3_joint_block 1 0 matched
J3_joint_block 2 0 matched
J3_joint_block 3 0 matched
J3_joint_block 4 0 matched
J3_joint_block 0 1 matched
J3_joint_block 1 1 matched
J3_joint_block 2 1 matched
J3_joint_block 3 1 matched
J3_joint_block 4 1 matched
J3_joint_block 0 2 matched
J3_joint_block 1 2 matched
J3_joint_block 2 2 matched
J3_joint_block 3 2 matched
J3_joint_block 4 2 matched
